// Jest Snapshot v1, https://goo.gl/fbAQLP

exports[`ErrorMessage matches snapshot 1`] = `
<DocumentFragment>
  <p
    class="error"
  >
    test
  </p>
</DocumentFragment>
`;
