// Jest Snapshot v1, https://goo.gl/fbAQLP

exports[`ModalCloseButton matches snapshot 1`] = `
<DocumentFragment>
  <button
    class="closeButton"
  >
    Ã—
  </button>
</DocumentFragment>
`;
