// Jest Snapshot v1, https://goo.gl/fbAQLP

exports[`NextArrowButton matches snapshot 1`] = `
<DocumentFragment>
  <a
    class="btnRound iconArrowNext"
    href="/"
    role="button"
  >
    hoge
  </a>
</DocumentFragment>
`;
