// Jest Snapshot v1, https://goo.gl/fbAQLP

exports[`PrimaryButton matches snapshot 1`] = `
<DocumentFragment>
  <button
    class="btnRound"
  >
    hoge
  </button>
</DocumentFragment>
`;
