// Jest Snapshot v1, https://goo.gl/fbAQLP

exports[`HeaderButtonItem matches snapshot 1`] = `
<DocumentFragment>
  <button
    class="buttonItem"
  >
    <img
      alt="alt"
      src="img.png"
    />
    <span>
      label
    </span>
  </button>
</DocumentFragment>
`;
