// Jest Snapshot v1, https://goo.gl/fbAQLP

exports[`Answer matches snapshot 1`] = `
<DocumentFragment>
  <button
    class="MuiButtonBase-root MuiButton-root MuiButton-outlined makeStyles-button-1"
    tabindex="0"
    type="button"
  >
    <span
      class="MuiButton-label"
    >
      content
    </span>
    <span
      class="MuiTouchRipple-root"
    />
  </button>
</DocumentFragment>
`;
