// Jest Snapshot v1, https://goo.gl/fbAQLP

exports[`HeadLine matches snapshot 1`] = `
<DocumentFragment>
  <h2
    class="headlineAbout"
  />
</DocumentFragment>
`;
