// Jest Snapshot v1, https://goo.gl/fbAQLP

exports[`Skills matches snapshot 1`] = `
<DocumentFragment>
  <section
    class="section"
    id="skills"
  >
    <div
      class="sectionWrapIn"
    >
      <h2
        class="headlineAbout"
      >
        Skills
      </h2>
      <p>
        技術と開発物は以下の通りです。
      </p>
      <div
        class="gridList"
      >
        <article
          class="gridListItemFloated"
        >
          <h3>
            WEBサイト制作
          </h3>
          <small>
            Website Production
          </small>
          <img
            alt="Website Production"
            class="mediaThumb"
            height="288"
            src="/img/services/website-production.jpeg"
            width="512"
          />
          <p>
            コーポレートサイト、個人ポートフォリオ、ランディングページなどWebサイト制作全般を承ります。検索流入やSNS流入を強化する「SEOを意識したサイト」を作成できます。
          </p>
        </article>
        <article
          class="gridListItemFloated"
        >
          <h3>
            WordPress
          </h3>
          <small>
            WordPress
          </small>
          <img
            alt="WordPress"
            class="mediaThumb"
            height="288"
            src="/img/services/wordpress-icon.png"
            width="512"
          />
          <p>
            WordPress導入サポートやカスタマイズ、その他お困り事のご相談にも対応いたします。
          </p>
        </article>
        <article
          class="gridListItemFloated"
        >
          <h3>
            チャットアプリ開発
          </h3>
          <small>
            Chat APP
          </small>
          <img
            alt="Chat APP"
            class="mediaThumb"
            height="288"
            src="/img/services/web-app.jpeg"
            width="512"
          />
          <p>
            リアルタイム性が重視されるSNSアプリやチャットアプリなどを開発できます。これまで開発してきたWebアプリの一部を制作事例として公開しています。
          </p>
        </article>
      </div>
      <ul
        class="gridTable"
      >
        <li>
          <div
            class="wrapper"
          >
            <h3
              class="head"
            >
              マークアップ
            </h3>
            <div
              class="data"
            >
              HTML Living Standard, CSS3, Sass, CSS in JS
            </div>
          </div>
        </li>
        <li>
          <div
            class="wrapper"
          >
            <h3
              class="head"
            >
              フロントエンド
            </h3>
            <div
              class="data"
            >
              JavaScript, TypeScript, webpack, Babel, Jest, Storybook
            </div>
          </div>
        </li>
        <li>
          <div
            class="wrapper"
          >
            <h3
              class="head"
            >
              バックエンド
            </h3>
            <div
              class="data"
            >
              Firebase, Amplify
            </div>
          </div>
        </li>
        <li>
          <div
            class="wrapper"
          >
            <h3
              class="head"
            >
              フレームワーク・ライブラリ
            </h3>
            <div
              class="data"
            >
              React, Redux, Next.js, Tailwind CSS, MUI, Chakra UI
            </div>
          </div>
        </li>
        <li>
          <div
            class="wrapper"
          >
            <h3
              class="head"
            >
              その他ツール
            </h3>
            <div
              class="data"
            >
              Git, npm, Dockerなど
            </div>
          </div>
        </li>
      </ul>
    </div>
  </section>
</DocumentFragment>
`;
